// Jest Snapshot v1, https://goo.gl/fbAQLP

exports[`should match the snapshot 1`] = `"<h1>KEANet</h1><input type=\\"checkbox\\" id=\\"includeInternet\\"/><label>Internet Connection</label><br/><label>Phone Lines </label><input type=\\"number\\" id=\\"phoneLines\\" max=\\"8\\" min=\\"0\\"/><br/><label>Cell phones</label><table><tbody><tr><td><select size=\\"5\\" id=\\"cellPhones\\" style=\\"width:200px\\"><option value=\\"Motorola G99\\">Motorola G99</option><option value=\\"iPhone 99\\">iPhone 99</option><option value=\\"Samsung Galaxy 99\\">Samsung Galaxy 99</option><option value=\\"Sony Xperia 99\\">Sony Xperia 99</option><option value=\\"Huawei 99\\">Huawei 99</option></select></td><td><button>&gt;</button><br/><button>&lt;</button></td><select size=\\"5\\" id=\\"selectedPhones\\" style=\\"width:200px\\"></select></tr></tbody></table><label>Total price: 0 DKK</label><br/><button>Buy</button>"`;
